// Jest Snapshot v1, https://goo.gl/fbAQLP

exports[`<Product/> renders and matches the snapshot 1`] = `
<div>
  <div
    class="ItemStyles-sc-16pk14u-0 ifLwZc"
  >
    <img
      alt="dogs are best"
      src="dog.jpg"
    />
    <h3
      class="Title-sc-16nq74k-0 fPQljb"
    >
      <a
        href="/product/abc123"
      >
        dogs are best
      </a>
    </h3>
    <span
      class="PriceTag-sc-nwbk6t-0 ffUdgI"
    >
      $50
    </span>
    <p>
      dogs
    </p>
    <div
      class="buttonList"
    >
      <button
        type="button"
      >
        Edit 
        <svg
          aria-hidden="true"
          class="svg-inline--fa fa-pencil fa-icon"
          data-icon="pencil"
          data-prefix="fas"
          focusable="false"
          role="img"
          viewBox="0 0 512 512"
          xmlns="http://www.w3.org/2000/svg"
        >
          <path
            d="M421.7 220.3L188.5 453.4L154.6 419.5L158.1 416H112C103.2 416 96 408.8 96 400V353.9L92.51 357.4C87.78 362.2 84.31 368 82.42 374.4L59.44 452.6L137.6 429.6C143.1 427.7 149.8 424.2 154.6 419.5L188.5 453.4C178.1 463.8 165.2 471.5 151.1 475.6L30.77 511C22.35 513.5 13.24 511.2 7.03 504.1C.8198 498.8-1.502 489.7 .976 481.2L36.37 360.9C40.53 346.8 48.16 333.9 58.57 323.5L291.7 90.34L421.7 220.3zM492.7 58.75C517.7 83.74 517.7 124.3 492.7 149.3L444.3 197.7L314.3 67.72L362.7 19.32C387.7-5.678 428.3-5.678 453.3 19.32L492.7 58.75z"
            fill="currentColor"
          />
        </svg>
      </button>
      <button
        type="button"
      >
        Delete 
        <svg
          aria-hidden="true"
          class="svg-inline--fa fa-trash fa-icon"
          data-icon="trash"
          data-prefix="fas"
          focusable="false"
          role="img"
          viewBox="0 0 448 512"
          xmlns="http://www.w3.org/2000/svg"
        >
          <path
            d="M135.2 17.69C140.6 6.848 151.7 0 163.8 0H284.2C296.3 0 307.4 6.848 312.8 17.69L320 32H416C433.7 32 448 46.33 448 64C448 81.67 433.7 96 416 96H32C14.33 96 0 81.67 0 64C0 46.33 14.33 32 32 32H128L135.2 17.69zM394.8 466.1C393.2 492.3 372.3 512 346.9 512H101.1C75.75 512 54.77 492.3 53.19 466.1L31.1 128H416L394.8 466.1z"
            fill="currentColor"
          />
        </svg>
      </button>
      <button
        type="button"
      >
        Add
         to Cart!
         
        <svg
          aria-hidden="true"
          class="svg-inline--fa fa-cart-plus fa-icon"
          data-icon="cart-plus"
          data-prefix="fas"
          focusable="false"
          role="img"
          viewBox="0 0 576 512"
          xmlns="http://www.w3.org/2000/svg"
        >
          <path
            d="M96 0C107.5 0 117.4 8.19 119.6 19.51L121.1 32H541.8C562.1 32 578.3 52.25 572.6 72.66L518.6 264.7C514.7 278.5 502.1 288 487.8 288H170.7L179.9 336H488C501.3 336 512 346.7 512 360C512 373.3 501.3 384 488 384H159.1C148.5 384 138.6 375.8 136.4 364.5L76.14 48H24C10.75 48 0 37.25 0 24C0 10.75 10.75 0 24 0H96zM272 180H316V224C316 235 324.1 244 336 244C347 244 356 235 356 224V180H400C411 180 420 171 420 160C420 148.1 411 140 400 140H356V96C356 84.95 347 76 336 76C324.1 76 316 84.95 316 96V140H272C260.1 140 252 148.1 252 160C252 171 260.1 180 272 180zM128 464C128 437.5 149.5 416 176 416C202.5 416 224 437.5 224 464C224 490.5 202.5 512 176 512C149.5 512 128 490.5 128 464zM512 464C512 490.5 490.5 512 464 512C437.5 512 416 490.5 416 464C416 437.5 437.5 416 464 416C490.5 416 512 437.5 512 464z"
            fill="currentColor"
          />
        </svg>
      </button>
    </div>
  </div>
</div>
`;
